src/pages/finance/ROIOverview.tsx(480,28): error TS2322: Type '{ key: string; entry: any; isDark: boolean; onClick: () => any; }' is not assignable to type '{ entry: any; onClick: () => void; isDark: boolean; }'.
  Property 'key' does not exist on type '{ entry: any; onClick: () => void; isDark: boolean; }'.
src/pages/profile/Profile.tsx(89,15): error TS2304: Cannot find name 'updateUser'.
src/pages/profile/Profile.tsx(102,15): error TS2304: Cannot find name 'updateUser'.
src/translations.ts(814,7): error TS2741: Property 'blackTiger' is missing in type '{ dashboard: string; home: string; ponds: string; feed: string; medicine: string; roi: string; monitor: string; liveMonitor: string; market: string; profile: string; exportMarketTrends: string; backToDashboard: string; ... 754 more ...; ppSec7P4: string; }' but required in type 'Translations'.
