src/components/ErrorBoundary.tsx(43,17): error TS2339: Property 'props' does not exist on type 'ErrorBoundary'.
src/pages/AdminDashboard.tsx(10,24): error TS2339: Property 'adminControl' does not exist on type 'Translations'.
src/pages/AdminDashboard.tsx(13,31): error TS2551: Property 'totalUsers' does not exist on type 'Translations'. Did you mean 'totalSales'?
src/pages/AdminDashboard.tsx(14,31): error TS2339: Property 'activeSubs' does not exist on type 'Translations'.
src/pages/AdminDashboard.tsx(15,31): error TS2339: Property 'revenue' does not exist on type 'Translations'.
src/pages/AdminDashboard.tsx(16,31): error TS2339: Property 'health' does not exist on type 'Translations'.
src/pages/Dashboard.tsx(153,80): error TS2339: Property 'acres' does not exist on type 'Translations'.
src/pages/LearningCenter.tsx(14,144): error TS2339: Property 'searchGuides' does not exist on type 'Translations'.
src/pages/LearningCenter.tsx(19,15): error TS2339: Property 'pondPrep' does not exist on type 'Translations'.
src/pages/LearningCenter.tsx(19,27): error TS2339: Property 'diseaseControl' does not exist on type 'Translations'.
src/pages/LearningCenter.tsx(19,45): error TS2551: Property 'harvesting' does not exist on type 'Translations'. Did you mean 'harvest'?
src/pages/LearningCenter.tsx(19,59): error TS2339: Property 'sustainability' does not exist on type 'Translations'.
src/pages/LearningCenter.tsx(31,83): error TS2339: Property 'pondPrep' does not exist on type 'Translations'.
src/pages/MedicineSchedule.tsx(21,86): error TS2339: Property 'watchSymptoms' does not exist on type 'Translations'.
src/pages/MedicineSchedule.tsx(23,56): error TS2551: Property 'opaqueMuscle' does not exist on type 'Translations'. Did you mean 'opaqueMuscleSign'?
src/pages/MedicineSchedule.tsx(24,56): error TS2551: Property 'softShells' does not exist on type 'Translations'. Did you mean 'softShellSign'?
src/pages/MedicineSchedule.tsx(25,56): error TS2551: Property 'surfaceBubbles' does not exist on type 'Translations'. Did you mean 'surfaceBubbleSign'?
src/pages/Notifications.tsx(19,24): error TS2339: Property 'timeToFeed' does not exist on type 'Translations'.
src/pages/Notifications.tsx(21,25): error TS2339: Property 'viewAction' does not exist on type 'Translations'.
src/pages/Notifications.tsx(28,24): error TS2551: Property 'waterQualityCheck' does not exist on type 'Translations'. Did you mean 'waterQuality'?
src/pages/Notifications.tsx(30,25): error TS2339: Property 'viewAction' does not exist on type 'Translations'.
src/pages/Notifications.tsx(43,26): error TS2339: Property 'viewAction' does not exist on type 'Translations'.
src/pages/Notifications.tsx(44,25): error TS2339: Property 'viewHistory' does not exist on type 'Translations'.
src/pages/PondFeedingLog.tsx(20,42): error TS2339: Property 'feedingLog' does not exist on type 'Translations'.
src/pages/PondManagement.tsx(89,43): error TS2339: Property 'acres' does not exist on type 'Translations'.
src/pages/Profile.tsx(61,104): error TS2339: Property 'acres' does not exist on type 'Translations'.
src/pages/ProfitROI.tsx(77,99): error TS2339: Property 'roiCycle' does not exist on type 'Translations'.
src/pages/SystemSettings.tsx(38,79): error TS2339: Property 'acres' does not exist on type 'Translations'.
src/pages/SystemSettings.tsx(110,444): error TS2339: Property 'acres' does not exist on type 'Translations'.
src/pages/WeatherAlerts.tsx(18,74): error TS2339: Property 'mostlyCloudy' does not exist on type 'Translations'.
src/pages/WeatherAlerts.tsx(24,102): error TS2339: Property 'humidity' does not exist on type 'Translations'.
src/pages/WeatherAlerts.tsx(32,102): error TS2339: Property 'uvIndex' does not exist on type 'Translations'.
src/pages/WeatherAlerts.tsx(45,69): error TS2551: Property 'heavyRainfall' does not exist on type 'Translations'. Did you mean 'heavyRainfallDesc'?
src/pages/WeatherAlerts.tsx(48,95): error TS2339: Property 'issuedMinsAgo' does not exist on type 'Translations'.
src/pages/WeatherAlerts.tsx(53,86): error TS2339: Property 'forecast7Day' does not exist on type 'Translations'.
