functions/src/index.ts(1,53): error TS2307: Cannot find module 'firebase-functions/v2/https' or its corresponding type declarations.
functions/src/index.ts(2,25): error TS2307: Cannot find module 'firebase-functions/logger' or its corresponding type declarations.
functions/src/index.ts(3,38): error TS2307: Cannot find module '@google-cloud/vertexai' or its corresponding type declarations.
functions/src/index.ts(4,24): error TS2307: Cannot find module 'firebase-admin' or its corresponding type declarations.
src/components/Drawer.tsx(61,40): error TS2339: Property 'expertConsultations' does not exist on type 'Translations'.
src/components/Drawer.tsx(62,40): error TS2339: Property 'notifications' does not exist on type 'Translations'.
src/components/Drawer.tsx(69,37): error TS2339: Property 'settings' does not exist on type 'Translations'.
src/components/Drawer.tsx(82,39): error TS2339: Property 'settings' does not exist on type 'Translations'.
src/components/Drawer.tsx(227,102): error TS2339: Property 'elevateYield' does not exist on type 'Translations'.
src/components/MetricCard.tsx(31,47): error TS2339: Property 'warning' does not exist on type 'Translations'.
src/components/MetricCard.tsx(37,94): error TS2339: Property 'targetLabel' does not exist on type 'Translations'.
src/components/ProviderBottomNav.tsx(14,27): error TS2339: Property 'inventory' does not exist on type 'Translations'.
src/components/ProviderBottomNav.tsx(15,32): error TS2339: Property 'orders' does not exist on type 'Translations'.
src/components/TipsModal.tsx(26,82): error TS2339: Property 'viewTips' does not exist on type 'Translations'.
src/components/TipsModal.tsx(38,75): error TS2339: Property 'phLevel' does not exist on type 'Translations'.
src/mockData.ts(3,14): error TS2741: Property 'pondCount' is missing in type '{ id: string; name: string; phoneNumber: string; password: string; location: string; farmSize: number; language: "English"; role: "farmer"; subscriptionStatus: "free"; }' but required in type 'User'.
src/mockData.ts(16,3): error TS2741: Property 'plAge' is missing in type '{ id: string; userId: string; name: string; size: number; stockingDate: string; seedCount: number; seedSource: string; species: "Vannamei"; status: "active"; }' but required in type 'Pond'.
src/mockData.ts(27,3): error TS2741: Property 'plAge' is missing in type '{ id: string; userId: string; name: string; size: number; stockingDate: string; seedCount: number; seedSource: string; species: "Tiger"; status: "active"; }' but required in type 'Pond'.
src/mockData.ts(38,3): error TS2741: Property 'plAge' is missing in type '{ id: string; userId: string; name: string; size: number; stockingDate: string; seedCount: number; seedSource: string; species: "Vannamei"; status: "harvested"; }' but required in type 'Pond'.
src/mockData.ts(49,3): error TS2741: Property 'plAge' is missing in type '{ id: string; userId: string; name: string; size: number; stockingDate: string; seedCount: number; seedSource: string; species: "Tiger"; status: "archive"; }' but required in type 'Pond'.
src/pages/AdminDashboard.tsx(10,24): error TS2339: Property 'adminControl' does not exist on type 'Translations'.
src/pages/AdminDashboard.tsx(13,31): error TS2339: Property 'totalUsers' does not exist on type 'Translations'.
src/pages/AdminDashboard.tsx(14,31): error TS2339: Property 'activeSubs' does not exist on type 'Translations'.
src/pages/AdminDashboard.tsx(16,31): error TS2339: Property 'health' does not exist on type 'Translations'.
src/pages/AdminDashboard.tsx(21,97): error TS2339: Property 'updatePrice' does not exist on type 'Translations'.
src/pages/AdminDashboard.tsx(27,105): error TS2339: Property 'region' does not exist on type 'Translations'.
src/pages/AdminDashboard.tsx(38,195): error TS2339: Property 'updatePrice' does not exist on type 'Translations'.
src/pages/AdminDashboard.tsx(43,86): error TS2339: Property 'recentActivity' does not exist on type 'Translations'.
src/pages/DailyExpenseLog.tsx(31,32): error TS2339: Property 'pelletFeed' does not exist on type 'Translations'.
src/pages/DailyExpenseLog.tsx(32,32): error TS2339: Property 'medicineProbiotics' does not exist on type 'Translations'.
src/pages/DailyExpenseLog.tsx(33,32): error TS2339: Property 'dieselFuel' does not exist on type 'Translations'.
src/pages/DailyExpenseLog.tsx(34,32): error TS2339: Property 'gridPowerBill' does not exist on type 'Translations'.
src/pages/DailyExpenseLog.tsx(35,32): error TS2339: Property 'laborWages' does not exist on type 'Translations'.
src/pages/DailyExpenseLog.tsx(36,32): error TS2339: Property 'otherTesting' does not exist on type 'Translations'.
src/pages/DailyExpenseLog.tsx(97,75): error TS2339: Property 'expenseLogged' does not exist on type 'Translations'.
src/pages/DailyExpenseLog.tsx(98,96): error TS2339: Property 'updatingFinancialTrajectory' does not exist on type 'Translations'.
src/pages/DailyExpenseLog.tsx(102,99): error TS2339: Property 'added' does not exist on type 'Translations'.
src/pages/DailyExpenseLog.tsx(107,101): error TS2339: Property 'dailyTraj' does not exist on type 'Translations'.
src/pages/DailyExpenseLog.tsx(120,108): error TS2339: Property 'logLiveExpense' does not exist on type 'Translations'.
src/pages/DailyExpenseLog.tsx(121,99): error TS2339: Property 'dailyOpexEntry' does not exist on type 'Translations'.
src/pages/DailyExpenseLog.tsx(135,104): error TS2339: Property 'operatingExpense' does not exist on type 'Translations'.
src/pages/DailyExpenseLog.tsx(136,87): error TS2339: Property 'dailyTracker' does not exist on type 'Translations'.
src/pages/DailyExpenseLog.tsx(142,103): error TS2339: Property 'totalAmount' does not exist on type 'Translations'.
src/pages/DailyExpenseLog.tsx(150,100): error TS2339: Property 'outflow' does not exist on type 'Translations'.
src/pages/DailyExpenseLog.tsx(164,38): error TS2339: Property 'selectCulturePond' does not exist on type 'Translations'.
src/pages/DailyExpenseLog.tsx(179,104): error TS2551: Property 'noActivePonds' does not exist on type 'Translations'. Did you mean 'activePonds'?
src/pages/DailyExpenseLog.tsx(187,109): error TS2339: Property 'date' does not exist on type 'Translations'.
src/pages/DailyExpenseLog.tsx(199,107): error TS2339: Property 'totalAmount' does not exist on type 'Translations'.
src/pages/DailyExpenseLog.tsx(213,38): error TS2339: Property 'expenseCategory' does not exist on type 'Translations'.
src/pages/DailyExpenseLog.tsx(239,128): error TS2339: Property 'purchased' does not exist on type 'Translations'.
src/pages/DailyExpenseLog.tsx(245,41): error TS2339: Property 'total' does not exist on type 'Translations'.
src/pages/DailyExpenseLog.tsx(256,104): error TS2339: Property 'calculatedUnitPrice' does not exist on type 'Translations'.
src/pages/DailyExpenseLog.tsx(262,112): error TS2339: Property 'merchantNotes' does not exist on type 'Translations'.
src/pages/DailyExpenseLog.tsx(268,38): error TS2339: Property 'merchantNotesPlaceholder' does not exist on type 'Translations'.
src/pages/DailyExpenseLog.tsx(286,50): error TS2339: Property 'submitExpense' does not exist on type 'Translations'.
src/pages/DailySOPLog.tsx(161,39): error TS2339: Property 'earlyStage' does not exist on type 'Translations'.
src/pages/DailySOPLog.tsx(161,72): error TS2339: Property 'highRiskPeriod' does not exist on type 'Translations'.
src/pages/DailySOPLog.tsx(161,91): error TS2339: Property 'finalStage' does not exist on type 'Translations'.
src/pages/DailySOPLog.tsx(227,24): error TS2339: Property 'processingEntry' does not exist on type 'Translations'.
src/pages/DailySOPLog.tsx(227,44): error TS2339: Property 'saveEntry' does not exist on type 'Translations'.
src/pages/DiseaseDetection.tsx(92,20): error TS2339: Property 'analysisError' does not exist on type 'Translations'.
src/pages/DiseaseDetection.tsx(170,88): error TS2339: Property 'scanShrimp' does not exist on type 'Translations'.
src/pages/DiseaseDetection.tsx(172,20): error TS2339: Property 'uploadPhotoDesc' does not exist on type 'Translations'.
src/pages/DiseaseDetection.tsx(180,22): error TS2339: Property 'openCamera' does not exist on type 'Translations'.
src/pages/DiseaseDetection.tsx(190,24): error TS2339: Property 'uploadPhoto' does not exist on type 'Translations'.
src/pages/DiseaseDetection.tsx(200,102): error TS2339: Property 'photoInstructions' does not exist on type 'Translations'.
src/pages/DiseaseDetection.tsx(220,89): error TS2339: Property 'deepAIAnalysis' does not exist on type 'Translations'.
src/pages/DiseaseDetection.tsx(221,99): error TS2339: Property 'scanningHealthMarkers' does not exist on type 'Translations'.
src/pages/DiseaseDetection.tsx(257,101): error TS2339: Property 'analysisResult' does not exist on type 'Translations'.
src/pages/DiseaseDetection.tsx(261,103): error TS2339: Property 'confidence' does not exist on type 'Translations'.
src/pages/DiseaseDetection.tsx(265,103): error TS2339: Property 'severity' does not exist on type 'Translations'.
src/pages/DiseaseDetection.tsx(284,107): error TS2339: Property 'correctiveActions' does not exist on type 'Translations'.
src/pages/DiseaseDetection.tsx(353,20): error TS2339: Property 'scanAgain' does not exist on type 'Translations'.
src/pages/EditProfile.tsx(28,24): error TS2339: Property 'editProfile' does not exist on type 'Translations'.
src/pages/EditProfile.tsx(95,14): error TS2339: Property 'saveChanges' does not exist on type 'Translations'.
src/pages/ExpenseReport.tsx(134,76): error TS2339: Property 'activeCycleAudit' does not exist on type 'Translations'.
src/pages/ExpenseReport.tsx(135,123): error TS2339: Property 'liveTracking' does not exist on type 'Translations'.
src/pages/ExpenseReport.tsx(150,85): error TS2339: Property 'totalCycleSpend' does not exist on type 'Translations'.
src/pages/ExpenseReport.tsx(156,106): error TS2339: Property 'avgRunRate' does not exist on type 'Translations'.
src/pages/ExpenseReport.tsx(160,106): error TS2339: Property 'forecastTarget' does not exist on type 'Translations'.
src/pages/ExpenseReport.tsx(161,94): error TS2339: Property 'onBudget' does not exist on type 'Translations'.
src/pages/ExpenseReport.tsx(171,105): error TS2339: Property 'fourteenDayTrajectory' does not exist on type 'Translations'.
src/pages/ExpenseReport.tsx(172,74): error TS2339: Property 'dailyExpenses' does not exist on type 'Translations'.
src/pages/ExpenseReport.tsx(175,21): error TS2339: Property 'live' does not exist on type 'Translations'.
src/pages/ExpenseReport.tsx(190,83): error TS2339: Property 'cost' does not exist on type 'Translations'.
src/pages/ExpenseReport.tsx(197,103): error TS2339: Property 'dashedLineRunRate' does not exist on type 'Translations'.
src/pages/ExpenseReport.tsx(203,71): error TS2339: Property 'categoryBreakdown' does not exist on type 'Translations'.
src/pages/ExpenseReport.tsx(204,98): error TS2339: Property 'pctOfTotalSpend' does not exist on type 'Translations'.
src/pages/ExpenseReport.tsx(209,27): error TS2339: Property 'pelletFeed' does not exist on type 'Translations'.
src/pages/ExpenseReport.tsx(217,27): error TS2339: Property 'seedPlsCost' does not exist on type 'Translations'.
src/pages/ExpenseReport.tsx(225,27): error TS2339: Property 'gridPowerBill' does not exist on type 'Translations'.
src/pages/ExpenseReport.tsx(233,27): error TS2339: Property 'medicineProbiotics' does not exist on type 'Translations'.
src/pages/ExpenseReport.tsx(245,71): error TS2339: Property 'majorExpenses' does not exist on type 'Translations'.
src/pages/ExpenseReport.tsx(246,140): error TS2339: Property 'viewPdfLog' does not exist on type 'Translations'.
src/pages/ExpenseReport.tsx(292,34): error TS2339: Property 'logDailyExpense' does not exist on type 'Translations'.
src/pages/ExpertConsultations.tsx(30,101): error TS2339: Property 'expertConsultations' does not exist on type 'Translations'.
src/pages/ExpertConsultations.tsx(37,172): error TS2339: Property 'maybeLater' does not exist on type 'Translations'.
src/pages/ExpertConsultations.tsx(44,24): error TS2339: Property 'expertConsultations' does not exist on type 'Translations'.
src/pages/ExpertConsultations.tsx(48,99): error TS2339: Property 'priorityAccess' does not exist on type 'Translations'.
src/pages/ExportMarketTrends.tsx(31,101): error TS2339: Property 'exportMarketTrends' does not exist on type 'Translations'.
src/pages/ExportMarketTrends.tsx(38,172): error TS2339: Property 'maybeLater' does not exist on type 'Translations'.
src/pages/ExportMarketTrends.tsx(45,24): error TS2339: Property 'exportMarketTrends' does not exist on type 'Translations'.
src/pages/ExportMarketTrends.tsx(49,100): error TS2339: Property 'globalPriceAlerts' does not exist on type 'Translations'.
src/pages/FeedManagement.tsx(231,89): error TS2551: Property 'noActivePonds' does not exist on type 'Translations'. Did you mean 'activePonds'?
src/pages/FeedManagement.tsx(242,44): error TS2339: Property 'humidity' does not exist on type 'Translations'.
src/pages/FeedManagement.tsx(243,40): error TS2339: Property 'wind' does not exist on type 'Translations'.
src/pages/FeedManagement.tsx(257,144): error TS2339: Property 'scheduleSync' does not exist on type 'Translations'.
src/pages/FeedManagement.tsx(263,97): error TS2339: Property 'hrs' does not exist on type 'Translations'.
src/pages/FeedManagement.tsx(267,97): error TS2339: Property 'min' does not exist on type 'Translations'.
src/pages/FeedManagement.tsx(271,168): error TS2339: Property 'dose' does not exist on type 'Translations'.
src/pages/FeedManagement.tsx(279,82): error TS2339: Property 'adjustmentsActive' does not exist on type 'Translations'.
src/pages/FeedManagement.tsx(280,138): error TS2339: Property 'feedReductionApplied' does not exist on type 'Translations'.
src/pages/FeedManagement.tsx(297,39): error TS2339: Property 'docFeedPlan' does not exist on type 'Translations'.
src/pages/FeedManagement.tsx(297,55): error TS2339: Property 'metricsFcr' does not exist on type 'Translations'.
src/pages/HarvestRevenue.tsx(50,107): error TS2339: Property 'settledAndVerified' does not exist on type 'Translations'.
src/pages/HarvestRevenue.tsx(51,93): error TS2339: Property 'payment' does not exist on type 'Translations'.
src/pages/HarvestRevenue.tsx(56,109): error TS2339: Property 'totalReceivedAmount' does not exist on type 'Translations'.
src/pages/HarvestRevenue.tsx(62,99): error TS2339: Property 'buyerEntity' does not exist on type 'Translations'.
src/pages/HarvestRevenue.tsx(66,99): error TS2339: Property 'saleDate' does not exist on type 'Translations'.
src/pages/HarvestRevenue.tsx(70,99): error TS2339: Property 'totalHarvestWeight' does not exist on type 'Translations'.
src/pages/HarvestRevenue.tsx(74,99): error TS2339: Property 'countSize' does not exist on type 'Translations'.
src/pages/HarvestRevenue.tsx(78,99): error TS2339: Property 'baseRate' does not exist on type 'Translations'.
src/pages/HarvestRevenue.tsx(87,14): error TS2339: Property 'closeLedger' does not exist on type 'Translations'.
src/pages/HarvestRevenue.tsx(128,76): error TS2339: Property 'harvestRevenue' does not exist on type 'Translations'.
src/pages/HarvestRevenue.tsx(129,102): error TS2339: Property 'yieldLedger' does not exist on type 'Translations'.
src/pages/HarvestRevenue.tsx(152,104): error TS2339: Property 'latestHarvestSettlement' does not exist on type 'Translations'.
src/pages/HarvestRevenue.tsx(156,47): error TS2339: Property 'totalNetEarnings' does not exist on type 'Translations'.
src/pages/HarvestRevenue.tsx(162,109): error TS2339: Property 'premiumMargin' does not exist on type 'Translations'.
src/pages/HarvestRevenue.tsx(168,152): error TS2339: Property 'totalHarvestWeight' does not exist on type 'Translations'.
src/pages/HarvestRevenue.tsx(172,151): error TS2339: Property 'countPerKgSize' does not exist on type 'Translations'.
src/pages/HarvestRevenue.tsx(176,157): error TS2339: Property 'baseRate' does not exist on type 'Translations'.
src/pages/HarvestRevenue.tsx(180,152): error TS2339: Property 'settledDate' does not exist on type 'Translations'.
src/pages/HarvestRevenue.tsx(194,99): error TS2339: Property 'revenueComposition' does not exist on type 'Translations'.
src/pages/HarvestRevenue.tsx(196,101): error TS2339: Property 'totalAmount' does not exist on type 'Translations'.
src/pages/HarvestRevenue.tsx(203,105): error TS2339: Property 'baseBiomassSales' does not exist on type 'Translations'.
src/pages/HarvestRevenue.tsx(213,177): error TS2339: Property 'bonusSubsidies' does not exist on type 'Translations'.
src/pages/HarvestRevenue.tsx(226,79): error TS2339: Property 'settlementAudit' does not exist on type 'Translations'.
src/pages/HarvestRevenue.tsx(228,20): error TS2339: Property 'pdfStatement' does not exist on type 'Translations'.
src/pages/HarvestRevenue.tsx(257,59): error TS2339: Property 'settled' does not exist on type 'Translations'.
src/pages/LearningCenter.tsx(14,144): error TS2339: Property 'searchGuides' does not exist on type 'Translations'.
src/pages/LearningCenter.tsx(19,15): error TS2339: Property 'pondPrep' does not exist on type 'Translations'.
src/pages/LearningCenter.tsx(19,27): error TS2339: Property 'diseaseControl' does not exist on type 'Translations'.
src/pages/LearningCenter.tsx(19,45): error TS2551: Property 'harvesting' does not exist on type 'Translations'. Did you mean 'harvest'?
src/pages/LearningCenter.tsx(19,59): error TS2339: Property 'sustainability' does not exist on type 'Translations'.
src/pages/LearningCenter.tsx(31,83): error TS2339: Property 'pondPrep' does not exist on type 'Translations'.
src/pages/LearningCenter.tsx(32,138): error TS2339: Property 'seeAll' does not exist on type 'Translations'.
src/pages/LearningCenter.tsx(47,147): error TS2339: Property 'soilTreatmentGuide' does not exist on type 'Translations'.
src/pages/LearningCenter.tsx(65,69): error TS2339: Property 'elevateYield' does not exist on type 'Translations'.
src/pages/LiveMonitor.tsx(117,24): error TS2339: Property 'liveMonitor' does not exist on type 'Translations'.
src/pages/MarketPrices.tsx(24,28): error TS2339: Property 'blackTiger' does not exist on type 'Translations'.
src/pages/MarketPrices.tsx(25,29): error TS2339: Property 'scampi' does not exist on type 'Translations'.
src/pages/MarketPrices.tsx(29,33): error TS2339: Property 'bhimavaram' does not exist on type 'Translations'.
src/pages/MarketPrices.tsx(30,30): error TS2339: Property 'nellore' does not exist on type 'Translations'.
src/pages/MarketPrices.tsx(31,28): error TS2339: Property 'vizag' does not exist on type 'Translations'.
src/pages/MarketPrices.tsx(32,31): error TS2339: Property 'kakinada' does not exist on type 'Translations'.
src/pages/MarketPrices.tsx(56,102): error TS2339: Property 'marketSnapshot' does not exist on type 'Translations'.
src/pages/MarketPrices.tsx(57,90): error TS2339: Property 'dailyExportPriceIndex' does not exist on type 'Translations'.
src/pages/MarketPrices.tsx(119,58): error TS2339: Property 'exportDemand' does not exist on type 'Translations'.
src/pages/MarketPrices.tsx(120,57): error TS2339: Property 'festiveSeason' does not exist on type 'Translations'.
src/pages/MarketPrices.tsx(121,32): error TS2339: Property 'stockAccumulation' does not exist on type 'Translations'.
src/pages/MarketPrices.tsx(131,139): error TS2339: Property 'premium' does not exist on type 'Translations'.
src/pages/MarketPrices.tsx(131,151): error TS2339: Property 'standard' does not exist on type 'Translations'.
src/pages/MarketPrices.tsx(139,122): error TS2339: Property 'priceUp' does not exist on type 'Translations'.
src/pages/MarketPrices.tsx(141,125): error TS2339: Property 'priceDown' does not exist on type 'Translations'.
src/pages/MarketPrices.tsx(182,100): error TS2339: Property 'premium' does not exist on type 'Translations'.
src/pages/MarketPrices.tsx(201,103): error TS2339: Property 'priceHistory' does not exist on type 'Translations'.
src/pages/MarketPrices.tsx(234,102): error TS2339: Property 'profitMargin' does not exist on type 'Translations'.
src/pages/MarketPrices.tsx(239,97): error TS2339: Property 'recommendationStatus' does not exist on type 'Translations'.
src/pages/MarketPrices.tsx(240,118): error TS2339: Property 'harvestLabel' does not exist on type 'Translations'.
src/pages/MarketPrices.tsx(249,79): error TS2339: Property 'harvestAdvice' does not exist on type 'Translations'.
src/pages/Notifications.tsx(79,82): error TS2339: Property 'notifications' does not exist on type 'Translations'.
src/pages/Notifications.tsx(95,39): error TS2339: Property 'upcomingAlerts' does not exist on type 'Translations'.
src/pages/Notifications.tsx(96,37): error TS2339: Property 'missedActivities' does not exist on type 'Translations'.
src/pages/PondEntry.tsx(77,79): error TS2339: Property 'newPondEntry' does not exist on type 'Translations'.
src/pages/PondEntry.tsx(87,93): error TS2339: Property 'primaryDetails' does not exist on type 'Translations'.
src/pages/PondEntry.tsx(124,93): error TS2339: Property 'stockingAnalytics' does not exist on type 'Translations'.
src/pages/PondEntry.tsx(157,93): error TS2339: Property 'operationalData' does not exist on type 'Translations'.
src/pages/PondEntry.tsx(170,24): error TS2339: Property 'target' does not exist on type 'Translations'.
src/pages/PondEntry.tsx(185,24): error TS2339: Property 'processingEntry' does not exist on type 'Translations'.
src/pages/PondEntry.tsx(185,44): error TS2339: Property 'completePondEntry' does not exist on type 'Translations'.
src/pages/PondFeedingLog.tsx(20,42): error TS2551: Property 'feedingLog' does not exist on type 'Translations'. Did you mean 'feedLogs'?
src/pages/PondManagement.tsx(76,14): error TS2339: Property 'archive' does not exist on type 'Translations'.
src/pages/PondManagement.tsx(133,98): error TS2339: Property 'noEntries' does not exist on type 'Translations'.
src/pages/PondMonitor.tsx(287,18): error TS2339: Property 'pondMonitor' does not exist on type 'Translations'.
src/pages/Profile.tsx(118,104): error TS2339: Property 'region' does not exist on type 'Translations'.
src/pages/Profile.tsx(174,40): error TS2339: Property 'editProfile' does not exist on type 'Translations'.
src/pages/Profile.tsx(175,43): error TS2339: Property 'securityPrivacy' does not exist on type 'Translations'.
src/pages/Profile.tsx(176,42): error TS2551: Property 'subscriptionPlan' does not exist on type 'Translations'. Did you mean 'subscription'?
src/pages/Profile.tsx(177,40): error TS2339: Property 'systemSettings' does not exist on type 'Translations'.
src/pages/ProfitROI.tsx(146,92): error TS2339: Property 'investmentBreakdown' does not exist on type 'Translations'.
src/pages/ProfitROI.tsx(570,78): error TS2339: Property 'logEntry' does not exist on type 'Translations'.
src/pages/ProviderDashboard.tsx(14,24): error TS2339: Property 'providerDashboard' does not exist on type 'Translations'.
src/pages/ProviderDashboard.tsx(19,97): error TS2551: Property 'totalSales' does not exist on type 'Translations'. Did you mean 'totalAcres'?
src/pages/ProviderDashboard.tsx(26,97): error TS2339: Property 'activeOrders' does not exist on type 'Translations'.
src/pages/ProviderDashboard.tsx(35,82): error TS2339: Property 'recentActivity' does not exist on type 'Translations'.
src/pages/ProviderDashboard.tsx(50,51): error TS2339: Property 'pending' does not exist on type 'Translations'.
src/pages/ProviderDashboard.tsx(50,63): error TS2339: Property 'shipped' does not exist on type 'Translations'.
src/pages/ProviderInventory.tsx(16,24): error TS2339: Property 'inventory' does not exist on type 'Translations'.
src/pages/ProviderInventory.tsx(19,33): error TS2339: Property 'addProduct' does not exist on type 'Translations'.
src/pages/ProviderInventory.tsx(43,104): error TS2339: Property 'stock' does not exist on type 'Translations'.
src/pages/ProviderOrders.tsx(14,24): error TS2339: Property 'orders' does not exist on type 'Translations'.
src/pages/ProviderOrders.tsx(39,51): error TS2339: Property 'pending' does not exist on type 'Translations'.
src/pages/ProviderOrders.tsx(39,63): error TS2339: Property 'shipped' does not exist on type 'Translations'.
src/pages/ProviderOrders.tsx(46,22): error TS2339: Property 'viewDetails' does not exist on type 'Translations'.
src/pages/ROIEntry.tsx(145,23): error TS2339: Property 'harvestDetails' does not exist on type 'Translations'.
src/pages/ROIEntry.tsx(145,52): error TS2339: Property 'whatDidYouHarvest' does not exist on type 'Translations'.
src/pages/ROIEntry.tsx(146,23): error TS2339: Property 'investments' does not exist on type 'Translations'.
src/pages/ROIEntry.tsx(146,53): error TS2339: Property 'whatDidYouSpend' does not exist on type 'Translations'.
src/pages/ROIEntry.tsx(147,23): error TS2339: Property 'revenueEarned' does not exist on type 'Translations'.
src/pages/ROIEntry.tsx(147,52): error TS2339: Property 'whatDidYouReceive' does not exist on type 'Translations'.
src/pages/ROIEntry.tsx(148,23): error TS2339: Property 'profileSummary' does not exist on type 'Translations'.
src/pages/ROIEntry.tsx(148,52): error TS2339: Property 'yourROIAnalysis' does not exist on type 'Translations'.
src/pages/ROIEntry.tsx(197,74): error TS2551: Property 'roiProfileSaved' does not exist on type 'Translations'. Did you mean 'noRoiProfiles'?
src/pages/ROIEntry.tsx(198,95): error TS2339: Property 'redirectingDashboard' does not exist on type 'Translations'.
src/pages/ROIEntry.tsx(213,18): error TS2339: Property 'postHarvestROI' does not exist on type 'Translations'.
src/pages/ROIEntry.tsx(260,110): error TS2339: Property 'selectCulturePond' does not exist on type 'Translations'.
src/pages/ROIEntry.tsx(280,33): error TS2339: Property 'totalHarvestWeight' does not exist on type 'Translations'.
src/pages/ROIEntry.tsx(281,33): error TS2339: Property 'countPerKgSize' does not exist on type 'Translations'.
src/pages/ROIEntry.tsx(282,33): error TS2339: Property 'survival' does not exist on type 'Translations'.
src/pages/ROIEntry.tsx(283,33): error TS2339: Property 'cultureDuration' does not exist on type 'Translations'.
src/pages/ROIEntry.tsx(287,110): error TS2339: Property 'gradeSplit' does not exist on type 'Translations'.
src/pages/ROIEntry.tsx(300,99): error TS2339: Property 'whatDidYouSpend' does not exist on type 'Translations'.
src/pages/ROIEntry.tsx(302,33): error TS2339: Property 'seedPlsCost' does not exist on type 'Translations'.
src/pages/ROIEntry.tsx(303,33): error TS2339: Property 'feedCostLabel' does not exist on type 'Translations'.
src/pages/ROIEntry.tsx(304,33): error TS2339: Property 'medicineProbiotics' does not exist on type 'Translations'.
src/pages/ROIEntry.tsx(305,33): error TS2339: Property 'laborWages' does not exist on type 'Translations'.
src/pages/ROIEntry.tsx(306,33): error TS2339: Property 'gridPowerBill' does not exist on type 'Translations'.
src/pages/ROIEntry.tsx(307,33): error TS2339: Property 'infrastructurePower' does not exist on type 'Translations'.
src/pages/ROIEntry.tsx(308,33): error TS2339: Property 'otherTesting' does not exist on type 'Translations'.
src/pages/ROIEntry.tsx(313,101): error TS2551: Property 'totalInvestment' does not exist on type 'Translations'. Did you mean 'totalInvested'?
src/pages/ROIEntry.tsx(324,103): error TS2339: Property 'whatDidYouReceive' does not exist on type 'Translations'.
src/pages/ROIEntry.tsx(326,33): error TS2339: Property 'totalSaleAmount' does not exist on type 'Translations'.
src/pages/ROIEntry.tsx(327,33): error TS2339: Property 'pricePerKgReceived' does not exist on type 'Translations'.
src/pages/ROIEntry.tsx(328,33): error TS2339: Property 'buyerCompanyName' does not exist on type 'Translations'.
src/pages/ROIEntry.tsx(329,33): error TS2339: Property 'subsidyGovtSupport' does not exist on type 'Translations'.
src/pages/ROIEntry.tsx(331,110): error TS2339: Property 'additionalNotes' does not exist on type 'Translations'.
src/pages/ROIEntry.tsx(350,103): error TS2551: Property 'netProfitLoss' does not exist on type 'Translations'. Did you mean 'netProfit'?
src/pages/ROIEntry.tsx(377,107): error TS2339: Property 'postHarvestROI' does not exist on type 'Translations'.
src/pages/ROIEntry.tsx(388,107): error TS2339: Property 'breakEven' does not exist on type 'Translations'.
src/pages/ROIEntry.tsx(388,129): error TS2339: Property 'lossCycle' does not exist on type 'Translations'.
src/pages/ROIEntry.tsx(393,110): error TS2551: Property 'totalInvestment' does not exist on type 'Translations'. Did you mean 'totalInvested'?
src/pages/ROIEntry.tsx(397,110): error TS2339: Property 'totalAmount' does not exist on type 'Translations'.
src/pages/ROIEntry.tsx(401,110): error TS2551: Property 'netProfitLoss' does not exist on type 'Translations'. Did you mean 'netProfit'?
src/pages/ROIEntry.tsx(419,40): error TS2339: Property 'countPerKgSize' does not exist on type 'Translations'.
src/pages/ROIEntry.tsx(448,32): error TS2339: Property 'laborWages' does not exist on type 'Translations'.
src/pages/ROIEntry.tsx(449,32): error TS2339: Property 'gridPowerBill' does not exist on type 'Translations'.
src/pages/ROIEntry.tsx(450,32): error TS2339: Property 'infrastructurePower' does not exist on type 'Translations'.
src/pages/ROIEntry.tsx(451,32): error TS2339: Property 'otherTesting' does not exist on type 'Translations'.
src/pages/ROIEntry.tsx(462,110): error TS2339: Property 'survival' does not exist on type 'Translations'.
src/pages/ROIEntry.tsx(519,18): error TS2339: Property 'continue' does not exist on type 'Translations'.
src/pages/SecurityPrivacy.tsx(11,44): error TS2339: Property 'changePassword' does not exist on type 'Translations'.
src/pages/SecurityPrivacy.tsx(12,52): error TS2339: Property 'biometricLogin' does not exist on type 'Translations'.
src/pages/SecurityPrivacy.tsx(16,41): error TS2339: Property 'privacyPolicy' does not exist on type 'Translations'.
src/pages/SecurityPrivacy.tsx(17,46): error TS2339: Property 'dataExport' does not exist on type 'Translations'.
src/pages/SecurityPrivacy.tsx(22,24): error TS2339: Property 'securityPrivacy' does not exist on type 'Translations'.
src/pages/SecurityPrivacy.tsx(27,74): error TS2339: Property 'security' does not exist on type 'Translations'.
src/pages/SecurityPrivacy.tsx(34,102): error TS2339: Property 'security' does not exist on type 'Translations'.
src/pages/SecurityPrivacy.tsx(43,102): error TS2339: Property 'privacy' does not exist on type 'Translations'.
src/pages/SubscriptionPlan.tsx(18,7): error TS2339: Property 'profitForecasting' does not exist on type 'Translations'.
src/pages/SubscriptionPlan.tsx(19,7): error TS2339: Property 'globalPriceAlerts' does not exist on type 'Translations'.
src/pages/SubscriptionPlan.tsx(20,7): error TS2339: Property 'expertConsultations' does not exist on type 'Translations'.
src/pages/SubscriptionPlan.tsx(21,7): error TS2339: Property 'realTimeHealthMonitoring' does not exist on type 'Translations'.
src/pages/SubscriptionPlan.tsx(28,24): error TS2551: Property 'subscriptionPlan' does not exist on type 'Translations'. Did you mean 'subscription'?
src/pages/SubscriptionPlan.tsx(37,100): error TS2339: Property 'currentPlan' does not exist on type 'Translations'.
src/pages/SubscriptionPlan.tsx(46,97): error TS2339: Property 'expiryDate' does not exist on type 'Translations'.
src/pages/SubscriptionScreen.tsx(194,14): error TS2339: Property 'termsPrivacyPolicy' does not exist on type 'Translations'.
src/pages/SubscriptionScreen.tsx(250,89): error TS2339: Property 'paymentSuccess' does not exist on type 'Translations'.
src/pages/SubscriptionScreen.tsx(256,89): error TS2339: Property 'processingPayment' does not exist on type 'Translations'.
src/pages/SubscriptionScreen.tsx(257,99): error TS2339: Property 'doNotRefresh' does not exist on type 'Translations'.
src/pages/SubscriptionScreen.tsx(327,18): error TS2339: Property 'payNow' does not exist on type 'Translations'.
src/pages/SystemSettings.tsx(74,16): error TS2339: Property 'notifications' does not exist on type 'Translations'.
src/pages/SystemSettings.tsx(75,15): error TS2339: Property 'smartFarmAlerts' does not exist on type 'Translations'.
src/pages/SystemSettings.tsx(78,20): error TS2551: Property 'waterQualityAlerts' does not exist on type 'Translations'. Did you mean 'waterQuality'?
src/pages/SystemSettings.tsx(79,20): error TS2339: Property 'feedingReminders' does not exist on type 'Translations'.
src/pages/SystemSettings.tsx(101,16): error TS2339: Property 'units' does not exist on type 'Translations'.
src/pages/SystemSettings.tsx(102,15): error TS2339: Property 'measurementUnit' does not exist on type 'Translations'.
src/pages/SystemSettings.tsx(105,20): error TS2339: Property 'measurementUnit' does not exist on type 'Translations'.
src/pages/SystemSettings.tsx(128,16): error TS2339: Property 'appTheme' does not exist on type 'Translations'.
src/pages/SystemSettings.tsx(137,24): error TS2339: Property 'systemSettings' does not exist on type 'Translations'.
src/pages/SystemSettings.tsx(155,74): error TS2339: Property 'settings' does not exist on type 'Translations'.
src/pages/WaterLogDetail.tsx(153,15): error TS2339: Property 'logEntry' does not exist on type 'Translations'.
src/pages/WaterMonitoring.tsx(413,26): error TS2339: Property 'phLevel' does not exist on type 'Translations'.
src/pages/WeatherAlerts.tsx(2,103): error TS2305: Module '"lucide-react"' has no exported member 'CloudShowersHeavy'.
src/pages/WeatherAlerts.tsx(73,102): error TS2339: Property 'humidity' does not exist on type 'Translations'.
src/pages/WeatherAlerts.tsx(77,102): error TS2339: Property 'wind' does not exist on type 'Translations'.
src/pages/WeatherAlerts.tsx(134,86): error TS2339: Property 'forecast7Day' does not exist on type 'Translations'.
src/pages/WeatherAlerts.tsx(172,72): error TS2551: Property 'feedEfficiency' does not exist on type 'Translations'. Did you mean 'efficiency'?
src/pages/WeatherFeedAlert.tsx(59,102): error TS2339: Property 'humidity' does not exist on type 'Translations'.
src/pages/WeatherFeedAlert.tsx(73,102): error TS2339: Property 'wind' does not exist on type 'Translations'.
src/pages/WeatherFeedAlert.tsx(85,85): error TS2339: Property 'criticalAlerts' does not exist on type 'Translations'.
src/pages/WeatherFeedAlert.tsx(122,88): error TS2551: Property 'feedEfficiency' does not exist on type 'Translations'. Did you mean 'efficiency'?
src/pages/WeatherFeedAlert.tsx(123,106): error TS2551: Property 'weatherAdj' does not exist on type 'Translations'. Did you mean 'weather'?
src/pages/WeatherFeedAlert.tsx(187,38): error TS2339: Property 'logEntry' does not exist on type 'Translations'.
vite.config.ts(1,25): error TS2307: Cannot find module '@tailwindcss/vite' or its corresponding type declarations.
  There are types at 'C:/Users/syamk/Downloads/Aquagrow/node_modules/@tailwindcss/vite/dist/index.d.mts', but this result could not be resolved under your current 'moduleResolution' setting. Consider updating to 'node16', 'nodenext', or 'bundler'.
vite.config.ts(2,19): error TS2307: Cannot find module '@vitejs/plugin-react' or its corresponding type declarations.
  There are types at 'C:/Users/syamk/Downloads/Aquagrow/node_modules/@vitejs/plugin-react/dist/index.d.ts', but this result could not be resolved under your current 'moduleResolution' setting. Consider updating to 'node16', 'nodenext', or 'bundler'.
